y-033 [Manual Review] chapter-1.xhtml Possible typo: three-em-dash obscuring an 
entire word, but not preceded by a space.
 20:    <p>Joy to me! Come hither! Give me thy hand⸺ha! let be! aha!⸺Disgust, 
disgust, disgust⸻alas to me!</p>
