m-026 [Error] content.opf Non-canonical Wikipedia URL. Expected 
`http://en.wikipedia.org/wiki/<ARTICLE-ID>`.
 47:    <meta 
property="se:url.encyclopedia.wikipedia">https://m.wikipedia.org/wiki/Unknown_Ja
ne_Austen_Novel</meta>
