t-074 [Manual Review] chapter-1.xhtml Extended sound using hyphen-minus `-` 
instead of non-breaking hyphen `â€‘`.
 24:    <i>Bor-r-r-r-n!</i>
 26:    <em>Ow-w-w-w!</em>
