t-001 [Error] chapter-1.xhtml Double spacing found. Sentences should be 
single-spaced. (Note that double spaces might include Unicode no-break and/or 
hair spaces!)
t-042 [Error] chapter-1.xhtml `‘` used for Greek dasia or `’` used for Greek 
psili, but expected the single precomposed Unicode character, or a combining 
mark if a precomposed character doesn’t exist.
 15:    <i xml:lang="el">’αποικα</i>
 17:    <i xml:lang="el">‘αποικα</i>
