t-075 [Manual Review] chapter-1.xhtml Word in verse with acute accent for 
scansion instead of grave accent.
 23:    <span>He forcéd</span>
 32:    <span>The accurséd</span>
