t-010 [Manual Review] chapter-1.xhtml Time set with `.` instead of `:`.
 Line 12:       1.00
 Line 13:       12.59
