x-001 [Error] chapter-1.xhtml String `UTF-8` must always be lowercase.
 1:     UTF-8
