m-082 [Error] colophon.xhtml Faded Page link text must be exactly `Faded Page`.
 24:    <a href="https://www.fadedpage.com/showbook.php?pid=20160413">Faded Page
Canada</a>
