m-003 [Error] colophon.xhtml Bare URL without trailing slash.
 39:    <a href="https://standardebooks.org">standardebooks.org</a>
m-035 [Error] colophon.xhtml Unexpected S.E. identifier in colophon. Expected: 
`https://standardebooks.org/ebooks/jane-austen/unknown-novel`.
m-054 [Error] colophon.xhtml Non-canonical Standard Ebooks URL. Expected 
`https://standardebooks.org/ebooks/<AUTHOR>/<TITLE>[/<CONTRIBUTOR> ...]`. Hint: 
No trailing slash.
 38:    <a 
href="https://standardebooks.org/ebooks/jane-austen/unknown-novel/">standardeboo
ks.org/ebooks/jane-austen/unknown-novel</a>
m-003 [Error] content.opf Bare URL without trailing slash.
 10:    <meta property="se:url.homepage" 
refines="#publisher">https://standardebooks.org</meta>
