m-043 [Error] colophon.xhtml Non-canonical Wayback Machine URL. Expected 
`https://web.archive.org/web/<DATE>/<ARCHIVED-URL>`.
 26:    <a href="https://web.archive.org/web/https://www.example.com">Internet 
Archive</a>
m-043 [Error] content.opf Non-canonical Wayback Machine URL. Expected 
`https://web.archive.org/web/<DATE>/<ARCHIVED-URL>`.
 44:    
<dc:source>https://web.archive.org/web/https://www.example.com</dc:source>
