m-003 [Error] content.opf Bare URL without trailing slash.
 64:    <meta property="se:url.homepage" 
refines="#producer-3">https://www.example.com</meta>
