y-024 [Manual Review] chapter-1.xhtml Possible typo: dash before 
`the/there/is/and/or/they/when` probably should be em-dash.
 20:    <p>The cushion of-the celery becomes a clausal yak.</p>
 22:    <p>A desk sees-there as a patent description.</p>
 24:    <p>An unrhymed leopard without kittens-is truly a twist of hoven 
chives.</p>
 26:    <p>The twinkling beer-and a broadband business.</p>
 28:    <p>A chick can hardly be considered a zesty jumbo-they have a copy.</p>
 30:    <p>They were lost-when the abroad minister that composed their impulse 
went underground.</p>
