m-037 [Error] colophon.xhtml Transcription/page scan source link not found. 
Expected: `<a href="http://www.gutenberg.org/ebooks/161">Project Gutenberg</a>`.
m-024 [Error] content.opf `<meta property="se:name.person.full-name">` property 
identical to regular name. If the two are identical the full name `<meta>` 
element must be removed.
        Jane Austen
m-059 [Error] content.opf Link to `https://www.gutenberg.org/ebooks/161` found 
in colophon, but missing matching `dc:source` element in metadata.
m-037 [Error] imprint.xhtml Transcription/page scan source link not found. 
Expected: `<a href="http://www.gutenberg.org/ebooks/161">Project Gutenberg</a>`.
