y-029 [Manual Review] chapter-1.xhtml Possible typo: italics followed by a 
letter.
 22:    <i>caw-caw-caw-caw</i>
 24:    <em>Is</em>
