y-032 [Manual Review] chapter-1.xhtml Possible typo: italics running into 
preceding or following characters.
 22:    <i epub:type="se:name.publication.play">Hamlet</i>
 24:    <i epub:type="se:name.publication.book">Threatful Flood</i>
